// Jest Snapshot v1, https://goo.gl/fbAQLP

exports[`<PanelOne>  should test the Panel Snapshot 1`] = `
<div
  className="sc-cvbbAY kSlAKp"
>
  <div
    className="sui-row sc-dxgOiQ sc-iAyFgw fVRdiY"
  >
    <div
      className="sui-col sc-EHOje sc-hSdWYo cwHTXc"
    >
      <button
        className="sc-brqgnP hprPVB"
        onClick={[Function]}
      >
        <svg
          fill="currentColor"
          height="1em"
          stroke="currentColor"
          strokeWidth="0"
          style={
            Object {
              "color": undefined,
            }
          }
          viewBox="0 0 24 24"
          width="1em"
          xmlns="http://www.w3.org/2000/svg"
        >
          <path
            d="M12 2C6.48 2 2 6.48 2 12s4.48 10 10 10 10-4.48 10-10S17.52 2 12 2zm5 11h-4v4h-2v-4H7v-2h4V7h2v4h4v2z"
          />
        </svg>
      </button>
    </div>
    <div
      className="sui-col sc-EHOje sc-hSdWYo cwHTXc"
    >
      Panel Two
    </div>
  </div>
</div>
`;
